// Vitest Snapshot v1, https://vitest.dev/guide/snapshot.html

exports[`app coverage generation > excludes files when the configuration is set 1`] = `
{
  "app/app.js": {
    "branches": {
      "covered": 0,
      "pct": 100,
      "skipped": 0,
      "total": 0,
    },
    "functions": {
      "covered": 0,
      "pct": 100,
      "skipped": 0,
      "total": 0,
    },
    "lines": {
      "covered": 4,
      "pct": 100,
      "skipped": 0,
      "total": 4,
    },
    "statements": {
      "covered": 4,
      "pct": 100,
      "skipped": 0,
      "total": 4,
    },
  },
  "app/components/bar.gjs": {
    "branches": {
      "covered": 0,
      "pct": 100,
      "skipped": 0,
      "total": 0,
    },
    "functions": {
      "covered": 1,
      "pct": 100,
      "skipped": 0,
      "total": 1,
    },
    "lines": {
      "covered": 3,
      "pct": 100,
      "skipped": 0,
      "total": 3,
    },
    "statements": {
      "covered": 3,
      "pct": 100,
      "skipped": 0,
      "total": 3,
    },
  },
  "app/router.js": {
    "branches": {
      "covered": 0,
      "pct": 100,
      "skipped": 0,
      "total": 0,
    },
    "functions": {
      "covered": 0,
      "pct": 0,
      "skipped": 0,
      "total": 1,
    },
    "lines": {
      "covered": 1,
      "pct": 33.33,
      "skipped": 0,
      "total": 3,
    },
    "statements": {
      "covered": 1,
      "pct": 33.33,
      "skipped": 0,
      "total": 3,
    },
  },
  "app/utils/my-covered-util.js": {
    "branches": {
      "covered": 0,
      "pct": 100,
      "skipped": 0,
      "total": 0,
    },
    "functions": {
      "covered": 1,
      "pct": 100,
      "skipped": 0,
      "total": 1,
    },
    "lines": {
      "covered": 1,
      "pct": 100,
      "skipped": 0,
      "total": 1,
    },
    "statements": {
      "covered": 1,
      "pct": 100,
      "skipped": 0,
      "total": 1,
    },
  },
  "total": {
    "branches": {
      "covered": 0,
      "pct": 100,
      "skipped": 0,
      "total": 0,
    },
    "branchesTrue": {
      "covered": 0,
      "pct": 100,
      "skipped": 0,
      "total": 0,
    },
    "functions": {
      "covered": 2,
      "pct": 66.66,
      "skipped": 0,
      "total": 3,
    },
    "lines": {
      "covered": 9,
      "pct": 81.81,
      "skipped": 0,
      "total": 11,
    },
    "statements": {
      "covered": 9,
      "pct": 81.81,
      "skipped": 0,
      "total": 11,
    },
  },
}
`;

exports[`app coverage generation > merges coverage when tests are run in parallel 1`] = `
{
  "app/app.js": {
    "branches": {
      "covered": 0,
      "pct": 100,
      "skipped": 0,
      "total": 0,
    },
    "functions": {
      "covered": 0,
      "pct": 100,
      "skipped": 0,
      "total": 0,
    },
    "lines": {
      "covered": 4,
      "pct": 100,
      "skipped": 0,
      "total": 4,
    },
    "statements": {
      "covered": 4,
      "pct": 100,
      "skipped": 0,
      "total": 4,
    },
  },
  "app/components/bar.gjs": {
    "branches": {
      "covered": 0,
      "pct": 100,
      "skipped": 0,
      "total": 0,
    },
    "functions": {
      "covered": 1,
      "pct": 100,
      "skipped": 0,
      "total": 1,
    },
    "lines": {
      "covered": 3,
      "pct": 100,
      "skipped": 0,
      "total": 3,
    },
    "statements": {
      "covered": 3,
      "pct": 100,
      "skipped": 0,
      "total": 3,
    },
  },
  "app/router.js": {
    "branches": {
      "covered": 0,
      "pct": 100,
      "skipped": 0,
      "total": 0,
    },
    "functions": {
      "covered": 0,
      "pct": 0,
      "skipped": 0,
      "total": 1,
    },
    "lines": {
      "covered": 1,
      "pct": 33.33,
      "skipped": 0,
      "total": 3,
    },
    "statements": {
      "covered": 1,
      "pct": 33.33,
      "skipped": 0,
      "total": 3,
    },
  },
  "app/utils/my-covered-util.js": {
    "branches": {
      "covered": 0,
      "pct": 100,
      "skipped": 0,
      "total": 0,
    },
    "functions": {
      "covered": 1,
      "pct": 100,
      "skipped": 0,
      "total": 1,
    },
    "lines": {
      "covered": 1,
      "pct": 100,
      "skipped": 0,
      "total": 1,
    },
    "statements": {
      "covered": 1,
      "pct": 100,
      "skipped": 0,
      "total": 1,
    },
  },
  "total": {
    "branches": {
      "covered": 0,
      "pct": 100,
      "skipped": 0,
      "total": 0,
    },
    "branchesTrue": {
      "covered": 0,
      "pct": 100,
      "skipped": 0,
      "total": 0,
    },
    "functions": {
      "covered": 2,
      "pct": 66.66,
      "skipped": 0,
      "total": 3,
    },
    "lines": {
      "covered": 9,
      "pct": 81.81,
      "skipped": 0,
      "total": 11,
    },
    "statements": {
      "covered": 9,
      "pct": 81.81,
      "skipped": 0,
      "total": 11,
    },
  },
}
`;

exports[`app coverage generation > runs coverage when a module has an import error 1`] = `
{
  "app/app.js": {
    "branches": {
      "covered": 0,
      "pct": 100,
      "skipped": 0,
      "total": 0,
    },
    "functions": {
      "covered": 0,
      "pct": 100,
      "skipped": 0,
      "total": 0,
    },
    "lines": {
      "covered": 4,
      "pct": 100,
      "skipped": 0,
      "total": 4,
    },
    "statements": {
      "covered": 4,
      "pct": 100,
      "skipped": 0,
      "total": 4,
    },
  },
  "app/components/bar.gjs": {
    "branches": {
      "covered": 0,
      "pct": 100,
      "skipped": 0,
      "total": 0,
    },
    "functions": {
      "covered": 1,
      "pct": 100,
      "skipped": 0,
      "total": 1,
    },
    "lines": {
      "covered": 3,
      "pct": 100,
      "skipped": 0,
      "total": 3,
    },
    "statements": {
      "covered": 3,
      "pct": 100,
      "skipped": 0,
      "total": 3,
    },
  },
  "app/error-module.js": {
    "branches": {
      "covered": 0,
      "pct": 100,
      "skipped": 0,
      "total": 0,
    },
    "functions": {
      "covered": 0,
      "pct": 100,
      "skipped": 0,
      "total": 0,
    },
    "lines": {
      "covered": 1,
      "pct": 100,
      "skipped": 0,
      "total": 1,
    },
    "statements": {
      "covered": 1,
      "pct": 100,
      "skipped": 0,
      "total": 1,
    },
  },
  "app/router.js": {
    "branches": {
      "covered": 0,
      "pct": 100,
      "skipped": 0,
      "total": 0,
    },
    "functions": {
      "covered": 0,
      "pct": 0,
      "skipped": 0,
      "total": 1,
    },
    "lines": {
      "covered": 1,
      "pct": 33.33,
      "skipped": 0,
      "total": 3,
    },
    "statements": {
      "covered": 1,
      "pct": 33.33,
      "skipped": 0,
      "total": 3,
    },
  },
  "app/utils/my-covered-util.js": {
    "branches": {
      "covered": 0,
      "pct": 100,
      "skipped": 0,
      "total": 0,
    },
    "functions": {
      "covered": 1,
      "pct": 100,
      "skipped": 0,
      "total": 1,
    },
    "lines": {
      "covered": 1,
      "pct": 100,
      "skipped": 0,
      "total": 1,
    },
    "statements": {
      "covered": 1,
      "pct": 100,
      "skipped": 0,
      "total": 1,
    },
  },
  "total": {
    "branches": {
      "covered": 0,
      "pct": 100,
      "skipped": 0,
      "total": 0,
    },
    "branchesTrue": {
      "covered": 0,
      "pct": 100,
      "skipped": 0,
      "total": 0,
    },
    "functions": {
      "covered": 2,
      "pct": 66.66,
      "skipped": 0,
      "total": 3,
    },
    "lines": {
      "covered": 10,
      "pct": 83.33,
      "skipped": 0,
      "total": 12,
    },
    "statements": {
      "covered": 10,
      "pct": 83.33,
      "skipped": 0,
      "total": 12,
    },
  },
}
`;

exports[`app coverage generation > runs coverage when env var is set 1`] = `
{
  "app/app.js": {
    "branches": {
      "covered": 0,
      "pct": 100,
      "skipped": 0,
      "total": 0,
    },
    "functions": {
      "covered": 0,
      "pct": 100,
      "skipped": 0,
      "total": 0,
    },
    "lines": {
      "covered": 4,
      "pct": 100,
      "skipped": 0,
      "total": 4,
    },
    "statements": {
      "covered": 4,
      "pct": 100,
      "skipped": 0,
      "total": 4,
    },
  },
  "app/components/bar.gjs": {
    "branches": {
      "covered": 0,
      "pct": 100,
      "skipped": 0,
      "total": 0,
    },
    "functions": {
      "covered": 1,
      "pct": 100,
      "skipped": 0,
      "total": 1,
    },
    "lines": {
      "covered": 3,
      "pct": 100,
      "skipped": 0,
      "total": 3,
    },
    "statements": {
      "covered": 3,
      "pct": 100,
      "skipped": 0,
      "total": 3,
    },
  },
  "app/router.js": {
    "branches": {
      "covered": 0,
      "pct": 100,
      "skipped": 0,
      "total": 0,
    },
    "functions": {
      "covered": 0,
      "pct": 0,
      "skipped": 0,
      "total": 1,
    },
    "lines": {
      "covered": 1,
      "pct": 33.33,
      "skipped": 0,
      "total": 3,
    },
    "statements": {
      "covered": 1,
      "pct": 33.33,
      "skipped": 0,
      "total": 3,
    },
  },
  "app/utils/my-covered-util.js": {
    "branches": {
      "covered": 0,
      "pct": 100,
      "skipped": 0,
      "total": 0,
    },
    "functions": {
      "covered": 1,
      "pct": 100,
      "skipped": 0,
      "total": 1,
    },
    "lines": {
      "covered": 1,
      "pct": 100,
      "skipped": 0,
      "total": 1,
    },
    "statements": {
      "covered": 1,
      "pct": 100,
      "skipped": 0,
      "total": 1,
    },
  },
  "total": {
    "branches": {
      "covered": 0,
      "pct": 100,
      "skipped": 0,
      "total": 0,
    },
    "branchesTrue": {
      "covered": 0,
      "pct": 100,
      "skipped": 0,
      "total": 0,
    },
    "functions": {
      "covered": 2,
      "pct": 66.66,
      "skipped": 0,
      "total": 3,
    },
    "lines": {
      "covered": 9,
      "pct": 81.81,
      "skipped": 0,
      "total": 11,
    },
    "statements": {
      "covered": 9,
      "pct": 81.81,
      "skipped": 0,
      "total": 11,
    },
  },
}
`;

exports[`app coverage generation > runs coverage when the path option is used 1`] = `
{
  "app/app.js": {
    "branches": {
      "covered": 0,
      "pct": 100,
      "skipped": 0,
      "total": 0,
    },
    "functions": {
      "covered": 0,
      "pct": 100,
      "skipped": 0,
      "total": 0,
    },
    "lines": {
      "covered": 4,
      "pct": 100,
      "skipped": 0,
      "total": 4,
    },
    "statements": {
      "covered": 4,
      "pct": 100,
      "skipped": 0,
      "total": 4,
    },
  },
  "app/components/bar.gjs": {
    "branches": {
      "covered": 0,
      "pct": 100,
      "skipped": 0,
      "total": 0,
    },
    "functions": {
      "covered": 1,
      "pct": 100,
      "skipped": 0,
      "total": 1,
    },
    "lines": {
      "covered": 3,
      "pct": 100,
      "skipped": 0,
      "total": 3,
    },
    "statements": {
      "covered": 3,
      "pct": 100,
      "skipped": 0,
      "total": 3,
    },
  },
  "app/router.js": {
    "branches": {
      "covered": 0,
      "pct": 100,
      "skipped": 0,
      "total": 0,
    },
    "functions": {
      "covered": 0,
      "pct": 0,
      "skipped": 0,
      "total": 1,
    },
    "lines": {
      "covered": 1,
      "pct": 33.33,
      "skipped": 0,
      "total": 3,
    },
    "statements": {
      "covered": 1,
      "pct": 33.33,
      "skipped": 0,
      "total": 3,
    },
  },
  "app/utils/my-covered-util.js": {
    "branches": {
      "covered": 0,
      "pct": 100,
      "skipped": 0,
      "total": 0,
    },
    "functions": {
      "covered": 1,
      "pct": 100,
      "skipped": 0,
      "total": 1,
    },
    "lines": {
      "covered": 1,
      "pct": 100,
      "skipped": 0,
      "total": 1,
    },
    "statements": {
      "covered": 1,
      "pct": 100,
      "skipped": 0,
      "total": 1,
    },
  },
  "total": {
    "branches": {
      "covered": 0,
      "pct": 100,
      "skipped": 0,
      "total": 0,
    },
    "branchesTrue": {
      "covered": 0,
      "pct": 100,
      "skipped": 0,
      "total": 0,
    },
    "functions": {
      "covered": 2,
      "pct": 66.66,
      "skipped": 0,
      "total": 3,
    },
    "lines": {
      "covered": 9,
      "pct": 81.81,
      "skipped": 0,
      "total": 11,
    },
    "statements": {
      "covered": 9,
      "pct": 81.81,
      "skipped": 0,
      "total": 11,
    },
  },
}
`;

exports[`app coverage generation > uses nested coverageFolder and parallel configuration and run merge-coverage 1`] = `
{
  "app/app.js": {
    "branches": {
      "covered": 0,
      "pct": 100,
      "skipped": 0,
      "total": 0,
    },
    "functions": {
      "covered": 0,
      "pct": 100,
      "skipped": 0,
      "total": 0,
    },
    "lines": {
      "covered": 4,
      "pct": 100,
      "skipped": 0,
      "total": 4,
    },
    "statements": {
      "covered": 4,
      "pct": 100,
      "skipped": 0,
      "total": 4,
    },
  },
  "app/components/bar.gjs": {
    "branches": {
      "covered": 0,
      "pct": 100,
      "skipped": 0,
      "total": 0,
    },
    "functions": {
      "covered": 1,
      "pct": 100,
      "skipped": 0,
      "total": 1,
    },
    "lines": {
      "covered": 3,
      "pct": 100,
      "skipped": 0,
      "total": 3,
    },
    "statements": {
      "covered": 3,
      "pct": 100,
      "skipped": 0,
      "total": 3,
    },
  },
  "app/router.js": {
    "branches": {
      "covered": 0,
      "pct": 100,
      "skipped": 0,
      "total": 0,
    },
    "functions": {
      "covered": 0,
      "pct": 0,
      "skipped": 0,
      "total": 1,
    },
    "lines": {
      "covered": 1,
      "pct": 33.33,
      "skipped": 0,
      "total": 3,
    },
    "statements": {
      "covered": 1,
      "pct": 33.33,
      "skipped": 0,
      "total": 3,
    },
  },
  "app/utils/my-covered-util.js": {
    "branches": {
      "covered": 0,
      "pct": 100,
      "skipped": 0,
      "total": 0,
    },
    "functions": {
      "covered": 1,
      "pct": 100,
      "skipped": 0,
      "total": 1,
    },
    "lines": {
      "covered": 1,
      "pct": 100,
      "skipped": 0,
      "total": 1,
    },
    "statements": {
      "covered": 1,
      "pct": 100,
      "skipped": 0,
      "total": 1,
    },
  },
  "app/utils/my-uncovered-util.js": {
    "branches": {
      "covered": 0,
      "pct": 100,
      "skipped": 0,
      "total": 0,
    },
    "functions": {
      "covered": 0,
      "pct": 0,
      "skipped": 0,
      "total": 1,
    },
    "lines": {
      "covered": 0,
      "pct": 0,
      "skipped": 0,
      "total": 1,
    },
    "statements": {
      "covered": 0,
      "pct": 0,
      "skipped": 0,
      "total": 1,
    },
  },
  "total": {
    "branches": {
      "covered": 0,
      "pct": 100,
      "skipped": 0,
      "total": 0,
    },
    "branchesTrue": {
      "covered": 0,
      "pct": 100,
      "skipped": 0,
      "total": 0,
    },
    "functions": {
      "covered": 2,
      "pct": 50,
      "skipped": 0,
      "total": 4,
    },
    "lines": {
      "covered": 9,
      "pct": 75,
      "skipped": 0,
      "total": 12,
    },
    "statements": {
      "covered": 9,
      "pct": 75,
      "skipped": 0,
      "total": 12,
    },
  },
}
`;

exports[`app coverage generation > uses parallel configuration and merges coverage when merge-coverage command is issued 1`] = `
{
  "app/app.js": {
    "branches": {
      "covered": 0,
      "pct": 100,
      "skipped": 0,
      "total": 0,
    },
    "functions": {
      "covered": 0,
      "pct": 100,
      "skipped": 0,
      "total": 0,
    },
    "lines": {
      "covered": 4,
      "pct": 100,
      "skipped": 0,
      "total": 4,
    },
    "statements": {
      "covered": 4,
      "pct": 100,
      "skipped": 0,
      "total": 4,
    },
  },
  "app/components/bar.gjs": {
    "branches": {
      "covered": 0,
      "pct": 100,
      "skipped": 0,
      "total": 0,
    },
    "functions": {
      "covered": 1,
      "pct": 100,
      "skipped": 0,
      "total": 1,
    },
    "lines": {
      "covered": 3,
      "pct": 100,
      "skipped": 0,
      "total": 3,
    },
    "statements": {
      "covered": 3,
      "pct": 100,
      "skipped": 0,
      "total": 3,
    },
  },
  "app/router.js": {
    "branches": {
      "covered": 0,
      "pct": 100,
      "skipped": 0,
      "total": 0,
    },
    "functions": {
      "covered": 0,
      "pct": 0,
      "skipped": 0,
      "total": 1,
    },
    "lines": {
      "covered": 1,
      "pct": 33.33,
      "skipped": 0,
      "total": 3,
    },
    "statements": {
      "covered": 1,
      "pct": 33.33,
      "skipped": 0,
      "total": 3,
    },
  },
  "app/utils/my-covered-util.js": {
    "branches": {
      "covered": 0,
      "pct": 100,
      "skipped": 0,
      "total": 0,
    },
    "functions": {
      "covered": 1,
      "pct": 100,
      "skipped": 0,
      "total": 1,
    },
    "lines": {
      "covered": 1,
      "pct": 100,
      "skipped": 0,
      "total": 1,
    },
    "statements": {
      "covered": 1,
      "pct": 100,
      "skipped": 0,
      "total": 1,
    },
  },
  "app/utils/my-uncovered-util.js": {
    "branches": {
      "covered": 0,
      "pct": 100,
      "skipped": 0,
      "total": 0,
    },
    "functions": {
      "covered": 0,
      "pct": 0,
      "skipped": 0,
      "total": 1,
    },
    "lines": {
      "covered": 0,
      "pct": 0,
      "skipped": 0,
      "total": 1,
    },
    "statements": {
      "covered": 0,
      "pct": 0,
      "skipped": 0,
      "total": 1,
    },
  },
  "total": {
    "branches": {
      "covered": 0,
      "pct": 100,
      "skipped": 0,
      "total": 0,
    },
    "branchesTrue": {
      "covered": 0,
      "pct": 100,
      "skipped": 0,
      "total": 0,
    },
    "functions": {
      "covered": 2,
      "pct": 50,
      "skipped": 0,
      "total": 4,
    },
    "lines": {
      "covered": 9,
      "pct": 75,
      "skipped": 0,
      "total": 12,
    },
    "statements": {
      "covered": 9,
      "pct": 75,
      "skipped": 0,
      "total": 12,
    },
  },
}
`;
